// Jest Snapshot v1, https://goo.gl/fbAQLP

exports[`OfferDetails correctly renders after relaunch 1`] = `
<main
  className="page__main page__main--property"
>
  <section
    className="property"
  >
    <div
      className="property__gallery-container container"
    >
      <div
        className="property__gallery"
      >
        <div
          className="property__image-wrapper"
        >
          <img
            alt="Photo studio"
            className="property__image"
            src="img-1.jpg"
          />
        </div>
        <div
          className="property__image-wrapper"
        >
          <img
            alt="Photo studio"
            className="property__image"
            src="img-2.jpg"
          />
        </div>
        <div
          className="property__image-wrapper"
        >
          <img
            alt="Photo studio"
            className="property__image"
            src="img-3.jpg"
          />
        </div>
      </div>
    </div>
    <div
      className="property__container container"
    >
      <div
        className="property__wrapper"
      >
        
        <div
          className="property__name-wrapper"
        >
          <h1
            className="property__name"
          >
            Title
          </h1>
          <button
            className="property__bookmark-button button"
            onClick={[Function]}
            type="button"
          >
            <svg
              className="property__bookmark-icon"
              height="33"
              width="31"
            >
              <use
                xlinkHref="#icon-bookmark"
              />
            </svg>
            <span
              className="visually-hidden"
            >
              To bookmarks
            </span>
          </button>
        </div>
        <div
          className="property__rating rating"
        >
          <div
            className="property__stars rating__stars"
          >
            <span
              style={
                Object {
                  "width": "86%",
                }
              }
            />
            <span
              className="visually-hidden"
            >
              Rating
            </span>
          </div>
          <span
            className="property__rating-value rating__value"
          >
            4.3
          </span>
        </div>
        <ul
          className="property__features"
        >
          <li
            className="property__feature property__feature--entire"
          >
            flat
          </li>
          <li
            className="property__feature property__feature--bedrooms"
          >
            2
             bedrooms
          </li>
          <li
            className="property__feature property__feature--adults"
          >
            Max 
            3
             adults
          </li>
        </ul>
        <div
          className="property__price"
        >
          <b
            className="property__price-value"
          >
            €
            148
          </b>
          <span
            className="property__price-text"
          >
             night
          </span>
        </div>
        <div
          className="property__inside"
        >
          <h2
            className="property__inside-title"
          >
            What's inside
          </h2>
          <ul
            className="property__inside-list"
          >
            <li
              className="property__inside-item"
            >
              Wifi
            </li>
            <li
              className="property__inside-item"
            >
              Heating
            </li>
            <li
              className="property__inside-item"
            >
              Kitchen
            </li>
          </ul>
        </div>
        <div
          className="property__host"
        >
          <h2
            className="property__host-title"
          >
            Meet the host
          </h2>
          <div
            className="property__host-user user"
          >
            <div
              className="property__avatar-wrapper property__avatar-wrapper--pro user__avatar-wrapper"
            >
              <img
                alt="Host avatar"
                className="property__avatar user__avatar"
                height="74"
                src="/path to file"
                width="74"
              />
            </div>
            <span
              className="property__user-name"
            >
              Name
            </span>
            
          </div>
          <div
            className="property__description"
          >
            <p
              className="property__text"
            >
              A quiet cozy and picturesque that hides behind a a river by the unique lightness of Amsterdam
              .
            </p>
            <p
              className="property__text"
            >
              
              .
            </p>
          </div>
        </div>
        <section
          className="property__reviews reviews"
        >
          <h2
            className="reviews__title"
          >
            Reviews · 
            <span
              className="reviews__amount"
            >
              2
            </span>
          </h2>
          <ul
            className="reviews__list"
          >
            <li
              className="reviews__item"
            >
              <div
                className="reviews__user user"
              >
                <div
                  className="reviews__avatar-wrapper user__avatar-wrapper"
                >
                  <img
                    alt="Reviews avatar"
                    className="reviews__avatar user__avatar"
                    height="54"
                    src="filepath"
                    width="54"
                  />
                </div>
                <span
                  className="reviews__user-name"
                >
                  Pamela
                </span>
              </div>
              <div
                className="reviews__info"
              >
                <div
                  className="reviews__rating rating"
                >
                  <div
                    className="reviews__stars rating__stars"
                  >
                    <span
                      style={
                        Object {
                          "width": "90%",
                        }
                      }
                    />
                    <span
                      className="visually-hidden"
                    >
                      Rating
                    </span>
                  </div>
                </div>
                <p
                  className="reviews__text"
                >
                  some text about property 1
                </p>
                <time
                  className="reviews__time"
                  dateTime="2019-11-25"
                >
                  November 2019
                </time>
              </div>
            </li>
            <li
              className="reviews__item"
            >
              <div
                className="reviews__user user"
              >
                <div
                  className="reviews__avatar-wrapper user__avatar-wrapper"
                >
                  <img
                    alt="Reviews avatar"
                    className="reviews__avatar user__avatar"
                    height="54"
                    src="filepath"
                    width="54"
                  />
                </div>
                <span
                  className="reviews__user-name"
                >
                  James
                </span>
              </div>
              <div
                className="reviews__info"
              >
                <div
                  className="reviews__rating rating"
                >
                  <div
                    className="reviews__stars rating__stars"
                  >
                    <span
                      style={
                        Object {
                          "width": "76%",
                        }
                      }
                    />
                    <span
                      className="visually-hidden"
                    >
                      Rating
                    </span>
                  </div>
                </div>
                <p
                  className="reviews__text"
                >
                  some text about property 2
                </p>
                <time
                  className="reviews__time"
                  dateTime="2019-11-25"
                >
                  November 2019
                </time>
              </div>
            </li>
          </ul>
          <form
            action="#"
            className="reviews__form form"
            method="post"
          >
            <label
              className="reviews__label form__label"
              htmlFor="review"
            >
              Your review
            </label>
            <div
              className="reviews__rating-form form__rating"
            >
              <input
                className="form__rating-input visually-hidden"
                id="5-stars"
                name="rating"
                type="radio"
                value="5"
              />
              <label
                className="reviews__rating-label form__rating-label"
                htmlFor="5-stars"
                title="perfect"
              >
                <svg
                  className="form__star-image"
                  height="33"
                  width="37"
                >
                  <use
                    xlinkHref="#icon-star"
                  />
                </svg>
              </label>
              <input
                className="form__rating-input visually-hidden"
                id="4-stars"
                name="rating"
                type="radio"
                value="4"
              />
              <label
                className="reviews__rating-label form__rating-label"
                htmlFor="4-stars"
                title="good"
              >
                <svg
                  className="form__star-image"
                  height="33"
                  width="37"
                >
                  <use
                    xlinkHref="#icon-star"
                  />
                </svg>
              </label>
              <input
                className="form__rating-input visually-hidden"
                id="3-stars"
                name="rating"
                type="radio"
                value="3"
              />
              <label
                className="reviews__rating-label form__rating-label"
                htmlFor="3-stars"
                title="not bad"
              >
                <svg
                  className="form__star-image"
                  height="33"
                  width="37"
                >
                  <use
                    xlinkHref="#icon-star"
                  />
                </svg>
              </label>
              <input
                className="form__rating-input visually-hidden"
                id="2-stars"
                name="rating"
                type="radio"
                value="2"
              />
              <label
                className="reviews__rating-label form__rating-label"
                htmlFor="2-stars"
                title="badly"
              >
                <svg
                  className="form__star-image"
                  height="33"
                  width="37"
                >
                  <use
                    xlinkHref="#icon-star"
                  />
                </svg>
              </label>
              <input
                className="form__rating-input visually-hidden"
                id="1-star"
                name="rating"
                type="radio"
                value="1"
              />
              <label
                className="reviews__rating-label form__rating-label"
                htmlFor="1-star"
                title="terribly"
              >
                <svg
                  className="form__star-image"
                  height="33"
                  width="37"
                >
                  <use
                    xlinkHref="#icon-star"
                  />
                </svg>
              </label>
            </div>
            <textarea
              className="reviews__textarea form__textarea"
              id="review"
              name="review"
              placeholder="Tell how was your stay, what you like and what can be improved"
            />
            <div
              className="reviews__button-wrapper"
            >
              <p
                className="reviews__help"
              >
                To submit review please make sure to set 
                <span
                  className="reviews__star"
                >
                  rating
                </span>
                 and describe your stay with at least 
                <b
                  className="reviews__text-amount"
                >
                  50 characters
                </b>
                .
              </p>
              <button
                className="reviews__submit form__submit button"
                disabled=""
                type="submit"
              >
                Submit
              </button>
            </div>
          </form>
        </section>
      </div>
    </div>
    <MapComponent
      comments={
        Array [
          Object {
            "comment": "some text about property 1",
            "date": "2019-11-25T12:13:30.711Z",
            "id": 1,
            "rating": 4.5,
            "user": Object {
              "avatar_url": "filepath",
              "id": 12,
              "is_pro": true,
              "name": "Pamela",
            },
          },
          Object {
            "comment": "some text about property 2",
            "date": "2019-11-25T12:13:30.711Z",
            "id": 2,
            "rating": 3.8,
            "user": Object {
              "avatar_url": "filepath",
              "id": 13,
              "is_pro": false,
              "name": "James",
            },
          },
        ]
      }
      id={1}
      mapClass="property__map map"
      mapHeight="600px"
      nearestOffers={
        Array [
          Object {
            "city": Object {
              "location": Object {
                "latitude": 52.38333,
                "longitude": 4.9,
                "zoom": 12,
              },
              "name": "City Name",
            },
            "id": 111,
            "is_favorite": false,
            "is_premium": true,
            "location": Object {
              "latitude": 52.3909553943508,
              "longitude": 4.85309666406198,
              "zoom": 12,
            },
            "preview_image": "img/img-1.jpg",
            "price": 120,
            "rating": 100,
            "title": "Some text",
            "type": "Apartment",
          },
          Object {
            "city": Object {
              "location": Object {
                "latitude": 52.38333,
                "longitude": 4.9,
                "zoom": 12,
              },
              "name": "City Name 2",
            },
            "id": 222,
            "is_favorite": true,
            "is_premium": false,
            "location": Object {
              "latitude": 52.3909553943508,
              "longitude": 4.85309666406198,
              "zoom": 12,
            },
            "preview_image": "img/img-2.jpg",
            "price": 120,
            "rating": 100,
            "title": "Some text",
            "type": "House",
          },
        ]
      }
      offer={
        Object {
          "bedrooms": 2,
          "description": "A quiet cozy and picturesque that hides behind a a river by the unique lightness of Amsterdam.",
          "goods": Array [
            "Wifi",
            "Heating",
            "Kitchen",
          ],
          "host": Object {
            "avatar_url": "path to file",
            "id": 24,
            "is_pro": false,
            "name": "Name",
          },
          "images": Array [
            "img-1.jpg",
            "img-2.jpg",
            "img-3.jpg",
          ],
          "is_favorite": true,
          "max_adults": 3,
          "price": 148,
          "rating": 4.3,
          "title": "Title",
          "type": "flat",
        }
      }
      offersList={
        Array [
          Object {
            "city": Object {
              "location": Object {
                "latitude": 52.38333,
                "longitude": 4.9,
                "zoom": 12,
              },
              "name": "City Name",
            },
            "id": 111,
            "is_favorite": false,
            "is_premium": true,
            "location": Object {
              "latitude": 52.3909553943508,
              "longitude": 4.85309666406198,
              "zoom": 12,
            },
            "preview_image": "img/img-1.jpg",
            "price": 120,
            "rating": 100,
            "title": "Some text",
            "type": "Apartment",
          },
          Object {
            "city": Object {
              "location": Object {
                "latitude": 52.38333,
                "longitude": 4.9,
                "zoom": 12,
              },
              "name": "City Name 2",
            },
            "id": 222,
            "is_favorite": true,
            "is_premium": false,
            "location": Object {
              "latitude": 52.3909553943508,
              "longitude": 4.85309666406198,
              "zoom": 12,
            },
            "preview_image": "img/img-2.jpg",
            "price": 120,
            "rating": 100,
            "title": "Some text",
            "type": "House",
          },
        ]
      }
      onBookmarkClick={[Function]}
      onComponentMount={[Function]}
      wrapperClass="something"
    />
  </section>
  <div
    className="container"
  >
    <section
      className="near-places places"
    >
      <h2
        className="near-places__title"
      >
        Other places in the neighbourhood
      </h2>
      <div
        className="near-places__list places__list"
      >
        <article
          className="near-places__card place-card"
          onMouseLeave={[Function]}
          onMouseOver={[Function]}
        >
          <div
            className="place-card__mark"
          >
            <span>
              Premium
            </span>
          </div>
          <div
            className="near-places__image-wrapper place-card__image-wrapper"
          >
            <a
              href="#"
            >
              <img
                alt="Place image"
                className="place-card__image"
                height="200"
                src="img/img-1.jpg"
                width="260"
              />
            </a>
          </div>
          <div
            className="place-card__info"
          >
            <div
              className="place-card__price-wrapper"
            >
              <div
                className="place-card__price"
              >
                <b
                  className="place-card__price-value"
                >
                  €
                  120
                </b>
                <span
                  className="place-card__price-text"
                >
                  / night
                </span>
              </div>
              <button
                className="place-card__bookmark-button button"
                onClick={[Function]}
                type="button"
              >
                <svg
                  className="place-card__bookmark-icon"
                  height="19"
                  width="18"
                >
                  <use
                    xlinkHref="#icon-bookmark"
                  />
                </svg>
                <span
                  className="visually-hidden"
                >
                  To bookmarks
                </span>
              </button>
            </div>
            <div
              className="place-card__rating rating"
            >
              <div
                className="place-card__stars rating__stars"
              >
                <span
                  style={
                    Object {
                      "width": "2000%",
                    }
                  }
                />
                <span
                  className="visually-hidden"
                >
                  Rating
                </span>
              </div>
            </div>
            <h2
              className="place-card__name"
            />
            <p
              className="place-card__type"
            >
              Apartment
            </p>
          </div>
        </article>
        <article
          className="near-places__card place-card"
          onMouseLeave={[Function]}
          onMouseOver={[Function]}
        >
          
          <div
            className="near-places__image-wrapper place-card__image-wrapper"
          >
            <a
              href="#"
            >
              <img
                alt="Place image"
                className="place-card__image"
                height="200"
                src="img/img-2.jpg"
                width="260"
              />
            </a>
          </div>
          <div
            className="place-card__info"
          >
            <div
              className="place-card__price-wrapper"
            >
              <div
                className="place-card__price"
              >
                <b
                  className="place-card__price-value"
                >
                  €
                  120
                </b>
                <span
                  className="place-card__price-text"
                >
                  / night
                </span>
              </div>
              <button
                className="place-card__bookmark-button place-card__bookmark-button--active button"
                onClick={[Function]}
                type="button"
              >
                <svg
                  className="place-card__bookmark-icon"
                  height="19"
                  width="18"
                >
                  <use
                    xlinkHref="#icon-bookmark"
                  />
                </svg>
                <span
                  className="visually-hidden"
                >
                  To bookmarks
                </span>
              </button>
            </div>
            <div
              className="place-card__rating rating"
            >
              <div
                className="place-card__stars rating__stars"
              >
                <span
                  style={
                    Object {
                      "width": "2000%",
                    }
                  }
                />
                <span
                  className="visually-hidden"
                >
                  Rating
                </span>
              </div>
            </div>
            <h2
              className="place-card__name"
            />
            <p
              className="place-card__type"
            >
              House
            </p>
          </div>
        </article>
      </div>
    </section>
  </div>
</main>
`;
