// Jest Snapshot v1, https://goo.gl/fbAQLP

exports[`Footer correctly renders after relaunch 1`] = `
<footer
  className="footer container"
/>
`;
