// Jest Snapshot v1, https://goo.gl/fbAQLP

exports[`Footer correctly renders after relaunch 1`] = `
<header
  className="header"
>
  <div
    className="container"
  >
    <div
      className="header__wrapper"
    >
      <div
        className="header__left"
      />
      <nav
        className="header__nav"
      >
        <ul
          className="header__nav-list"
        >
          <User />
        </ul>
      </nav>
    </div>
  </div>
</header>
`;
