// Jest Snapshot v1, https://goo.gl/fbAQLP

exports[`withWrappedPageLogin correctly wrap MockComponent 1`] = `
<div
  className="page page--gray page--login"
>
  <header
    className="header"
  >
    <div
      className="container"
    >
      <div
        className="header__wrapper"
      >
        <div
          className="header__left"
        />
        <nav
          className="header__nav"
        >
          <ul
            className="header__nav-list"
          >
            <User />
          </ul>
        </nav>
      </div>
    </div>
  </header>
  <div>
    Mock
  </div>
</div>
`;
