// Jest Snapshot v1, https://goo.gl/fbAQLP

exports[`Comment correctly renders after relaunch 1`] = `
<li
  className="reviews__item"
>
  <div
    className="reviews__user user"
  >
    <div
      className="reviews__avatar-wrapper user__avatar-wrapper"
    >
      <img
        alt="Reviews avatar"
        className="reviews__avatar user__avatar"
        height="54"
        src="filepath"
        width="54"
      />
    </div>
    <span
      className="reviews__user-name"
    >
      Barbara
    </span>
  </div>
  <div
    className="reviews__info"
  >
    <div
      className="reviews__rating rating"
    >
      <div
        className="reviews__stars rating__stars"
      >
        <span
          style={
            Object {
              "width": "72%",
            }
          }
        />
        <span
          className="visually-hidden"
        >
          Rating
        </span>
      </div>
    </div>
    <p
      className="reviews__text"
    >
      some comment text
    </p>
    <time
      className="reviews__time"
      dateTime="2019-11-25"
    >
      November 2019
    </time>
  </div>
</li>
`;
