// Jest Snapshot v1, https://goo.gl/fbAQLP

exports[`Loading correctly renders after relaunch 1`] = `
<div
  style={
    Object {
      "left": "50%",
      "position": "absolute",
      "top": "50%",
    }
  }
>
  Loading...
</div>
`;
